node : D:\Design_-_Developme
nt_VAPT_Framework-main\Desig
n_-_Development_VAPT_Framewo
rk-main\server\index.js:2247
At line:1 char:12
+ cd server; node index.js 
2> error_log.txt
+            ~~~~~~~~~~~~~~~
~~~~~~~~~~~~~~~
    + CategoryInfo          
    : NotSpecified: (D:\De  
  sign_-_Dev...r\index.js   
 :2247:String) [], Remot    
eException
    + FullyQualifiedErrorId 
    : NativeCommandError
 
const path = 
require('path');
      ^

SyntaxError: Identifier 
'path' has already been 
declared
    at wrapSafe (node:intern
al/modules/cjs/loader:1620:1
8)
    at Module._compile (node
:internal/modules/cjs/loader
:1662:20)
    at Object..js (node:inte
rnal/modules/cjs/loader:1820
:10)
    at Module.load (node:int
ernal/modules/cjs/loader:142
3:32)
    at Function._load (node:
internal/modules/cjs/loader:
1246:12)
    at 
TracingChannel.traceSync (no
de:diagnostics_channel:322:1
4)
    at wrapModuleLoad (node:
internal/modules/cjs/loader:
235:24)
    at Function.executeUserE
ntryPoint [as runMain] (node
:internal/modules/run_main:1
71:5)
    at node:internal/main/ru
n_main_module:36:49

Node.js v22.18.0
